// Jest Snapshot v1, https://goo.gl/fbAQLP

exports[`renders BrokenClouds 1`] = `<BrokenClouds />`;

exports[`renders BrokenClouds 2`] = `<BrokenClouds />`;

exports[`renders ClearSkyDay 1`] = `<ClearSkyDay />`;

exports[`renders ClearSkyDay by default 1`] = `<ClearSkyDay />`;

exports[`renders ClearSkyNight 1`] = `<ClearSkyNight />`;

exports[`renders FewCloudsDay 1`] = `<FewCloudsDay />`;

exports[`renders FewCloudsNight 1`] = `<FewCloudsNight />`;

exports[`renders Mist 1`] = `<Mist />`;

exports[`renders RainDay 1`] = `<RainDay />`;

exports[`renders RainNight 1`] = `<RainNight />`;

exports[`renders ScatteredClouds 1`] = `<ScatteredClouds />`;

exports[`renders ShowerRain 1`] = `<ShowerRain />`;

exports[`renders Snow 1`] = `<Snow />`;

exports[`renders Thunderstorm 1`] = `<Thunderstorm />`;
