// Jest Snapshot v1, https://goo.gl/fbAQLP

exports[`renders correctly 1`] = `
.c0 {
  min-height: 100vh;
  display: grid;
  grid-template-columns: 1fr;
  grid-template-rows: auto 1fr auto;
  grid-template-areas: 'header' 'main' 'footer';
  -webkit-animation: eMLfYp 0.35s ease-out forwards;
  animation: eMLfYp 0.35s ease-out forwards;
}

<div
  className="c0"
/>
`;
