// Jest Snapshot v1, https://goo.gl/fbAQLP

exports[`renders correctly 1`] = `
<ul
  className="sc-bdVaJa cRxvyM"
>
  <li
    className="sc-bwzfXH fVFZop"
    onMouseDown={[Function]}
  >
    <p
      className="sc-bxivhb eVrlLj"
    >
      London
       
      <span
        className="sc-htpNat dZttAm"
      >
        US
      </span>
    </p>
  </li>
  <li
    className="sc-bwzfXH fVFZop"
    onMouseDown={[Function]}
  >
    <p
      className="sc-bxivhb eVrlLj"
    >
      London
       
      <span
        className="sc-htpNat dZttAm"
      >
        GB
      </span>
    </p>
  </li>
</ul>
`;
