// Jest Snapshot v1, https://goo.gl/fbAQLP

exports[`renders correctly 1`] = `
.c0 {
  position: relative;
}

.c1 {
  position: absolute;
  top: 0.8rem;
  right: 1rem;
  -webkit-transition: color 0.35s linear;
  transition: color 0.35s linear;
}

@media (max-width:40em) {
  .c0 {
    display: none;
  }
}

<form
  className="c0"
>
  <Input
    onChange={[Function]}
    placeholder="Your city name"
    type="text"
  />
  <div
    className="c1"
  >
    <Magnifier />
  </div>
</form>
`;
