// Jest Snapshot v1, https://goo.gl/fbAQLP

exports[`renders correctly 1`] = `
.c1 {
  position: absolute;
  top: 3.9rem;
  right: 0;
  width: 36rem;
  border: 1px solid #222222;
  background-color: #ffffff;
  margin: 0;
  padding: 0;
  cursor: pointer;
}

.c0 {
  display: -webkit-box;
  display: -webkit-flex;
  display: -ms-flexbox;
  display: flex;
  -webkit-align-items: center;
  -webkit-box-align: center;
  -ms-flex-align: center;
  align-items: center;
  height: 4rem;
  padding: 0 1.4rem;
  font-style: italic;
  color: rgba(34,34,34,0.5);
}

<div
  className="c0 c1"
/>
`;
