// Jest Snapshot v1, https://goo.gl/fbAQLP

exports[`renders correctly 1`] = `
.c0 {
  position: relative;
  width: 100%;
  height: 6rem;
  border-bottom: 1px solid #222222;
  grid-area: header;
  -webkit-animation: eMLfYp 1.6s ease-out forwards;
  animation: eMLfYp 1.6s ease-out forwards;
  opacity: 0;
  -webkit-animation-delay: 0.2s;
  animation-delay: 0.2s;
  z-index: 9;
}

<header
  className="c0"
/>
`;
