// Jest Snapshot v1, https://goo.gl/fbAQLP

exports[`renders correctly 1`] = `
<li
  className="sc-bdVaJa dTrwUw"
>
  <Text
    big={true}
  >
    Monday
  </Text>
  <div
    className="sc-bwzfXH fzCtd"
  >
    <WeatherIcon
      small={true}
      weatherId={800}
    />
    <div
      className="sc-htpNat fECQxq"
    >
      <Text
        big={true}
        className="sc-bxivhb FCqdZ"
      >
        19
      </Text>
      <Text
        big={true}
        className="sc-bxivhb FCqdZ"
      >
        10
      </Text>
    </div>
  </div>
  <Text
    className="sc-ifAKCX gGgqiF"
  >
    clear sky
  </Text>
</li>
`;
