// Jest Snapshot v1, https://goo.gl/fbAQLP

exports[`renders correctly 1`] = `
<li
  className="sc-bwzfXH izCWbQ"
>
  <p
    className="sc-bdVaJa hPriLU"
  >
    Monday
  </p>
  <div
    className="sc-htpNat guTXPI"
  >
    <WeatherIcon
      small={true}
      weatherId={800}
    />
    <div
      className="sc-bxivhb gejLxX"
    >
      <p
        className="sc-ifAKCX khrclq sc-bdVaJa hPriLU"
      >
        19
      </p>
      <p
        className="sc-ifAKCX khrclq sc-bdVaJa dHtVOb"
      >
        10
      </p>
    </div>
  </div>
  <p
    className="sc-EHOje jrDLch sc-bdVaJa jxXTGO"
  >
    clear sky
  </p>
</li>
`;
