// Jest Snapshot v1, https://goo.gl/fbAQLP

exports[`renders correctly 1`] = `
<ul
  className="sc-bdVaJa eqmkZd"
>
  <li
    className="sc-htpNat eywmEU"
  >
    <p
      className="sc-bwzfXH iezheg"
    >
      Monday
    </p>
    <div
      className="sc-bxivhb clTIXs"
    >
      <WeatherIcon
        small={true}
        weatherId={800}
      />
      <div
        className="sc-ifAKCX hNdbxq"
      >
        <p
          className="sc-EHOje dbfoHw sc-bwzfXH iezheg"
        >
          19
        </p>
        <p
          className="sc-EHOje dbfoHw sc-bwzfXH bkHTLu"
        >
          10
        </p>
      </div>
    </div>
    <p
      className="sc-bZQynM bPaBwE sc-bwzfXH dcdldk"
    >
      clear sky
    </p>
  </li>
  <li
    className="sc-htpNat eywmEU"
  >
    <p
      className="sc-bwzfXH iezheg"
    >
      Thursday
    </p>
    <div
      className="sc-bxivhb clTIXs"
    >
      <WeatherIcon
        small={true}
        weatherId={800}
      />
      <div
        className="sc-ifAKCX hNdbxq"
      >
        <p
          className="sc-EHOje dbfoHw sc-bwzfXH iezheg"
        >
          14
        </p>
        <p
          className="sc-EHOje dbfoHw sc-bwzfXH bkHTLu"
        >
          11
        </p>
      </div>
    </div>
    <p
      className="sc-bZQynM bPaBwE sc-bwzfXH dcdldk"
    >
      clear sky
    </p>
  </li>
  <li
    className="sc-htpNat eywmEU"
  >
    <p
      className="sc-bwzfXH iezheg"
    >
      Saturday
    </p>
    <div
      className="sc-bxivhb clTIXs"
    >
      <WeatherIcon
        small={true}
        weatherId={801}
      />
      <div
        className="sc-ifAKCX hNdbxq"
      >
        <p
          className="sc-EHOje dbfoHw sc-bwzfXH iezheg"
        >
          11
        </p>
        <p
          className="sc-EHOje dbfoHw sc-bwzfXH bkHTLu"
        >
          9
        </p>
      </div>
    </div>
    <p
      className="sc-bZQynM bPaBwE sc-bwzfXH dcdldk"
    >
      clouds
    </p>
  </li>
</ul>
`;
