// Jest Snapshot v1, https://goo.gl/fbAQLP

exports[`renders correctly 1`] = `
<section
  className="sc-htpNat RIFPn sc-bwzfXH ezMGVG"
>
  <ul
    className="sc-bxivhb hsyjVa"
  >
    <li
      className="sc-EHOje ersua"
    >
      <p
        className="sc-ifAKCX hKdhvO"
      >
        Thursday
      </p>
      <div
        className="sc-bZQynM dmFkjk"
      >
        <WeatherIcon
          small={true}
          weatherId={801}
        />
        <div
          className="sc-gzVnrw jkMAnm"
        >
          <p
            className="sc-htoDjs giMnYx sc-ifAKCX hKdhvO"
          >
            20
          </p>
          <p
            className="sc-htoDjs giMnYx sc-ifAKCX evienz"
          >
            14
          </p>
        </div>
      </div>
      <p
        className="sc-dnqmqq jyqbrI sc-ifAKCX dWGyF"
      >
        Clear sky
      </p>
    </li>
    <li
      className="sc-EHOje ersua"
    >
      <p
        className="sc-ifAKCX hKdhvO"
      >
        Thursday
      </p>
      <div
        className="sc-bZQynM dmFkjk"
      >
        <WeatherIcon
          small={true}
          weatherId={801}
        />
        <div
          className="sc-gzVnrw jkMAnm"
        >
          <p
            className="sc-htoDjs giMnYx sc-ifAKCX hKdhvO"
          >
            20
          </p>
          <p
            className="sc-htoDjs giMnYx sc-ifAKCX evienz"
          >
            14
          </p>
        </div>
      </div>
      <p
        className="sc-dnqmqq jyqbrI sc-ifAKCX dWGyF"
      >
        Clear sky
      </p>
    </li>
    <li
      className="sc-EHOje ersua"
    >
      <p
        className="sc-ifAKCX hKdhvO"
      >
        Thursday
      </p>
      <div
        className="sc-bZQynM dmFkjk"
      >
        <WeatherIcon
          small={true}
          weatherId={801}
        />
        <div
          className="sc-gzVnrw jkMAnm"
        >
          <p
            className="sc-htoDjs giMnYx sc-ifAKCX hKdhvO"
          >
            20
          </p>
          <p
            className="sc-htoDjs giMnYx sc-ifAKCX evienz"
          >
            14
          </p>
        </div>
      </div>
      <p
        className="sc-dnqmqq jyqbrI sc-ifAKCX dWGyF"
      >
        Clear sky
      </p>
    </li>
    <li
      className="sc-EHOje ersua"
    >
      <p
        className="sc-ifAKCX hKdhvO"
      >
        Thursday
      </p>
      <div
        className="sc-bZQynM dmFkjk"
      >
        <WeatherIcon
          small={true}
          weatherId={801}
        />
        <div
          className="sc-gzVnrw jkMAnm"
        >
          <p
            className="sc-htoDjs giMnYx sc-ifAKCX hKdhvO"
          >
            20
          </p>
          <p
            className="sc-htoDjs giMnYx sc-ifAKCX evienz"
          >
            14
          </p>
        </div>
      </div>
      <p
        className="sc-dnqmqq jyqbrI sc-ifAKCX dWGyF"
      >
        Clear sky
      </p>
    </li>
  </ul>
</section>
`;
