// Jest Snapshot v1, https://goo.gl/fbAQLP

exports[`renders correctly 1`] = `
<section
  className="sc-htpNat RIFPn sc-bwzfXH ezMGVG"
>
  <ul
    className="sc-bxivhb hsyjVa"
  >
    <Day
      description="clear sky"
      tempMax={18.75}
      tempMin={9.7}
      timestamp="5/21/2018"
      weatherId={800}
    />
    <Day
      description="clear sky"
      tempMax={14.3}
      tempMin={11.2}
      timestamp="6/21/2018"
      weatherId={800}
    />
    <Day
      description="clouds"
      tempMax={11.23}
      tempMin={9}
      timestamp="7/21/2018"
      weatherId={801}
    />
  </ul>
</section>
`;
