// Jest Snapshot v1, https://goo.gl/fbAQLP

exports[`renders correctly 1`] = `
<div
  className="sc-bdVaJa iInree"
>
  <p
    className="sc-htpNat jsqgjC sc-bwzfXH hAPHIK"
  >
    <Label>
      Wind
    </Label>
     
    5
     m/s
  </p>
  <p
    className="sc-htpNat jsqgjC sc-bwzfXH hAPHIK"
  >
    <Label>
      Humidity
    </Label>
     
    76
     %
  </p>
  <p
    className="sc-htpNat jsqgjC sc-bwzfXH hAPHIK"
  >
    <Label>
      Pressure
    </Label>
     
    1021
     hpa
  </p>
</div>
`;
