// Jest Snapshot v1, https://goo.gl/fbAQLP

exports[`renders correctly 1`] = `
<div
  className="sc-bdVaJa iInree"
>
  <p
    className="sc-htpNat jsqgjC sc-bwzfXH hAPHIK"
  >
    <Label>
      Sunrise
    </Label>
     
    09:16
  </p>
  <p
    className="sc-htpNat jsqgjC sc-bwzfXH hAPHIK"
  >
    <Label>
      Sunset
    </Label>
     
    23:16
  </p>
</div>
`;
